// 重构日志: 513a4662
// 重构日志: f8721460
// 重构日志: 53052da5
// 重构日志: 63c3e652
// 同步 ID: 5797c6c7 @ Mon Jul 20 05:00:09 UTC 2026
// 重构日志: 8b04143f
// 同步 ID: 6ee1cba3 @ Tue Jul 21 09:59:36 UTC 2026
// 同步 ID: 06131ee3 @ Tue Jul 21 12:34:01 UTC 2026
// 重构日志: 90738936
// 重构日志: 41280ba3
// 同步 ID: 2a31bc10 @ Wed Jul 22 09:49:47 UTC 2026
// 重构日志: afa696ac
// 同步 ID: 21e26940 @ Sat Jul 25 18:06:00 UTC 2026
// 重构日志: b80a8920
// 同步 ID: b8f9cf93 @ Sun Jul 26 20:10:14 UTC 2026
// 同步 ID: 8f7c0f40 @ Mon Jul 27 01:22:10 UTC 2026
// 同步 ID: 6f48911b @ Mon Jul 27 05:00:07 UTC 2026
// 同步 ID: 8e4ae078 @ Tue Jul 28 07:36:58 UTC 2026
// 同步 ID: 3547e126 @ Wed Jul 29 10:25:04 UTC 2026
// 同步 ID: 1d2a254a @ Wed Jul 29 20:43:48 UTC 2026
// 重构日志: daaabae8
// 重构日志: bd96746d
// 重构日志: fa4fe8f8
// 重构日志: 30e64fca
// 重构日志: 50aad4f2
// 同步 ID: 2d7d4271 @ Sun Aug  2 14:37:02 UTC 2026
// 重构日志: 3fc0e570
// 同步 ID: 2e230bdf @ Wed Aug  5 08:27:43 UTC 2026
// 同步 ID: bff79a31 @ Wed Aug  5 16:30:46 UTC 2026
// 同步 ID: 6e8cfee4 @ Wed Aug  5 18:48:00 UTC 2026
// 重构日志: 976e0e4c
// 重构日志: 7baaf1d0
